../Core/Src/main.c:181:5:main	128	static
../Core/Src/main.c:307:6:SystemClock_Config	88	static
../Core/Src/main.c:347:13:MX_ADC1_Init	24	static
../Core/Src/main.c:397:13:MX_CAN1_Init	8	static
../Core/Src/main.c:434:13:MX_I2C1_Init	8	static
../Core/Src/main.c:468:13:MX_I2C2_Init	8	static
../Core/Src/main.c:502:13:MX_SPI1_Init	8	static
../Core/Src/main.c:540:13:MX_SPI2_Init	8	static
../Core/Src/main.c:578:13:MX_UART4_Init	8	static
../Core/Src/main.c:609:13:MX_DMA_Init	16	static
../Core/Src/main.c:649:13:MX_GPIO_Init	48	static
../Core/Src/main.c:694:6:StartDefaultTask	16	static
../Core/Src/main.c:712:6:StartI2CTask	16	static
../Core/Src/main.c:730:6:StartSPITask	16	static
../Core/Src/main.c:748:6:StartCANTask	16	static
../Core/Src/main.c:766:6:StartUARTTask	16	static
../Core/Src/main.c:781:6:Error_Handler	4	static,ignoring_inline_asm
